[2026-06-12 08:02:59] [INFO] [04_wait_drs_job_ready] Waiting for DRS job to become ready (dry_run=False)
[2026-06-12 08:02:59] [INFO] [04_wait_drs_job_ready] Parameters: initial_wait=600s, poll_interval=30s, max_wait=1200s
[2026-06-12 08:02:59] [INFO] [04_wait_drs_job_ready] Job ID: ab704a6a-9586-4ffb-8390-f5e910cjb101
[2026-06-12 08:02:59] [INFO] [04_wait_drs_job_ready] Initial wait: 600 seconds...
[2026-06-12 08:13:04] [WARNING] [04_wait_drs_job_ready] Error querying job status: ClientRequestException - {status_code:400,request_id:d37ed59fd18189a3e9444cfcf3c8a99a,error_code:APIGW.0106,error_msg:Orchestration error: Invalid query parameter: type, required,encoded_authorization_message:None }
[2026-06-12 08:13:38] [WARNING] [04_wait_drs_job_ready] Error querying job status: ClientRequestException - {status_code:400,request_id:c29f3d712ffcecd09f9a1db04d80aa00,error_code:APIGW.0106,error_msg:Orchestration error: Invalid query parameter: type, required,encoded_authorization_message:None }
[2026-06-12 08:14:11] [WARNING] [04_wait_drs_job_ready] Error querying job status: ClientRequestException - {status_code:400,request_id:6eca9b4a82db207af13c7bc2dd9f907c,error_code:APIGW.0106,error_msg:Orchestration error: Invalid query parameter: type, required,encoded_authorization_message:None }
[2026-06-12 08:14:44] [WARNING] [04_wait_drs_job_ready] Error querying job status: ClientRequestException - {status_code:400,request_id:1eeb29fbd64b346c67c3af97cb95b16d,error_code:APIGW.0106,error_msg:Orchestration error: Invalid query parameter: type, required,encoded_authorization_message:None }
[2026-06-12 08:15:17] [WARNING] [04_wait_drs_job_ready] Error querying job status: ClientRequestException - {status_code:400,request_id:303febb6c63811838a5d035a3f3cd2a8,error_code:APIGW.0106,error_msg:Orchestration error: Invalid query parameter: type, required,encoded_authorization_message:None }
[2026-06-12 08:15:50] [WARNING] [04_wait_drs_job_ready] Error querying job status: ClientRequestException - {status_code:400,request_id:423b8fa4984ec153904fdb4758034b9b,error_code:APIGW.0106,error_msg:Orchestration error: Invalid query parameter: type, required,encoded_authorization_message:None }
[2026-06-12 08:16:26] [WARNING] [04_wait_drs_job_ready] Error querying job status: ClientRequestException - {status_code:400,request_id:9489ab53678ce7406f1da8bfe6f14056,error_code:APIGW.0106,error_msg:Orchestration error: Invalid query parameter: type, required,encoded_authorization_message:None }
[2026-06-12 08:16:59] [WARNING] [04_wait_drs_job_ready] Error querying job status: ClientRequestException - {status_code:400,request_id:4711b8089bc892324f26a7125848ca03,error_code:APIGW.0106,error_msg:Orchestration error: Invalid query parameter: type, required,encoded_authorization_message:None }
[2026-06-12 08:17:32] [WARNING] [04_wait_drs_job_ready] Error querying job status: ClientRequestException - {status_code:400,request_id:d1d4da8fb5ba08e1502ea9b2a8a0a985,error_code:APIGW.0106,error_msg:Orchestration error: Invalid query parameter: type, required,encoded_authorization_message:None }
[2026-06-12 08:18:07] [WARNING] [04_wait_drs_job_ready] Error querying job status: ClientRequestException - {status_code:400,request_id:8cf2dedcc10fc0bf63e54c86cfe8e637,error_code:APIGW.0106,error_msg:Orchestration error: Invalid query parameter: type, required,encoded_authorization_message:None }
[2026-06-12 08:18:41] [WARNING] [04_wait_drs_job_ready] Error querying job status: ClientRequestException - {status_code:400,request_id:f56e5b37310e59fcb5ebcdc7293b929a,error_code:APIGW.0106,error_msg:Orchestration error: Invalid query parameter: type, required,encoded_authorization_message:None }
[2026-06-12 08:19:14] [WARNING] [04_wait_drs_job_ready] Error querying job status: ClientRequestException - {status_code:400,request_id:3ba18bdb82b80dfe0509eb57ca36a766,error_code:APIGW.0106,error_msg:Orchestration error: Invalid query parameter: type, required,encoded_authorization_message:None }
[2026-06-12 08:19:47] [WARNING] [04_wait_drs_job_ready] Error querying job status: ClientRequestException - {status_code:400,request_id:3823c429383a74647bf5d8f14d8bc70c,error_code:APIGW.0106,error_msg:Orchestration error: Invalid query parameter: type, required,encoded_authorization_message:None }
[2026-06-12 08:20:20] [WARNING] [04_wait_drs_job_ready] Error querying job status: ClientRequestException - {status_code:400,request_id:1b35923d5a0c161432f10d7f5644838f,error_code:APIGW.0106,error_msg:Orchestration error: Invalid query parameter: type, required,encoded_authorization_message:None }
[2026-06-12 08:20:53] [WARNING] [04_wait_drs_job_ready] Error querying job status: ClientRequestException - {status_code:400,request_id:79edb76f98d1deab5c81b4045c7fee3b,error_code:APIGW.0106,error_msg:Orchestration error: Invalid query parameter: type, required,encoded_authorization_message:None }
[2026-06-12 08:21:26] [WARNING] [04_wait_drs_job_ready] Error querying job status: ClientRequestException - {status_code:400,request_id:22726b037dd3d5212a5e3ee17e060c56,error_code:APIGW.0106,error_msg:Orchestration error: Invalid query parameter: type, required,encoded_authorization_message:None }
[2026-06-12 08:21:59] [WARNING] [04_wait_drs_job_ready] Error querying job status: ClientRequestException - {status_code:400,request_id:1abb787cebb8d291f7bc43da8c4d5d98,error_code:APIGW.0106,error_msg:Orchestration error: Invalid query parameter: type, required,encoded_authorization_message:None }
[2026-06-12 08:22:32] [WARNING] [04_wait_drs_job_ready] Error querying job status: ClientRequestException - {status_code:400,request_id:32db78a48a96d62a06e4e998391fb87d,error_code:APIGW.0106,error_msg:Orchestration error: Invalid query parameter: type, required,encoded_authorization_message:None }
[2026-06-12 08:23:06] [WARNING] [04_wait_drs_job_ready] Error querying job status: ClientRequestException - {status_code:400,request_id:a7ec6c5f1e0eac1c323fbaa4e772c082,error_code:APIGW.0106,error_msg:Orchestration error: Invalid query parameter: type, required,encoded_authorization_message:None }
[2026-06-12 08:23:39] [WARNING] [04_wait_drs_job_ready] Error querying job status: ClientRequestException - {status_code:400,request_id:485e77413cc38eaf8ffcefba614ee848,error_code:APIGW.0106,error_msg:Orchestration error: Invalid query parameter: type, required,encoded_authorization_message:None }
[2026-06-12 08:24:12] [WARNING] [04_wait_drs_job_ready] Error querying job status: ClientRequestException - {status_code:400,request_id:11bcf5dbeedfffac6b0010b37e92a5a8,error_code:APIGW.0106,error_msg:Orchestration error: Invalid query parameter: type, required,encoded_authorization_message:None }
[2026-06-12 08:24:46] [WARNING] [04_wait_drs_job_ready] Error querying job status: ClientRequestException - {status_code:400,request_id:ee9bbcc04901a059cca7438b0144dd71,error_code:APIGW.0106,error_msg:Orchestration error: Invalid query parameter: type, required,encoded_authorization_message:None }
[2026-06-12 08:25:19] [WARNING] [04_wait_drs_job_ready] Error querying job status: ClientRequestException - {status_code:400,request_id:fcb87c69d8a08faf31cd0cfb1a68262b,error_code:APIGW.0106,error_msg:Orchestration error: Invalid query parameter: type, required,encoded_authorization_message:None }
[2026-06-12 08:25:52] [WARNING] [04_wait_drs_job_ready] Error querying job status: ClientRequestException - {status_code:400,request_id:7f8baaa25db8d38c87e4fe81872f38a5,error_code:APIGW.0106,error_msg:Orchestration error: Invalid query parameter: type, required,encoded_authorization_message:None }
[2026-06-12 08:26:25] [WARNING] [04_wait_drs_job_ready] Error querying job status: ClientRequestException - {status_code:400,request_id:30b8ad73babdc7b75ca3b328eae4a981,error_code:APIGW.0106,error_msg:Orchestration error: Invalid query parameter: type, required,encoded_authorization_message:None }
[2026-06-12 08:26:58] [WARNING] [04_wait_drs_job_ready] Error querying job status: ClientRequestException - {status_code:400,request_id:30e19ec2c1d852c82f1329afb44dccec,error_code:APIGW.0106,error_msg:Orchestration error: Invalid query parameter: type, required,encoded_authorization_message:None }
[2026-06-12 08:27:31] [WARNING] [04_wait_drs_job_ready] Error querying job status: ClientRequestException - {status_code:400,request_id:c79f98bb88dd0c3a442c56fb2681428f,error_code:APIGW.0106,error_msg:Orchestration error: Invalid query parameter: type, required,encoded_authorization_message:None }
[2026-06-12 08:28:04] [WARNING] [04_wait_drs_job_ready] Error querying job status: ClientRequestException - {status_code:400,request_id:ed4aaf840db93a3cc46754c72dbb8b22,error_code:APIGW.0106,error_msg:Orchestration error: Invalid query parameter: type, required,encoded_authorization_message:None }
[2026-06-12 08:28:37] [WARNING] [04_wait_drs_job_ready] Error querying job status: ClientRequestException - {status_code:400,request_id:429b35b6165b1e3c5971bcb774aa98e5,error_code:APIGW.0106,error_msg:Orchestration error: Invalid query parameter: type, required,encoded_authorization_message:None }
[2026-06-12 08:29:11] [WARNING] [04_wait_drs_job_ready] Error querying job status: ClientRequestException - {status_code:400,request_id:1546dac6cccb3d6d714cdd8aa5d240fb,error_code:APIGW.0106,error_msg:Orchestration error: Invalid query parameter: type, required,encoded_authorization_message:None }
[2026-06-12 08:29:44] [WARNING] [04_wait_drs_job_ready] Error querying job status: ClientRequestException - {status_code:400,request_id:8ec64459afb6d3889c31d357c4101743,error_code:APIGW.0106,error_msg:Orchestration error: Invalid query parameter: type, required,encoded_authorization_message:None }
[2026-06-12 08:30:17] [WARNING] [04_wait_drs_job_ready] Error querying job status: ClientRequestException - {status_code:400,request_id:a1310ecddf87e2fdf29bf19c47de9bba,error_code:APIGW.0106,error_msg:Orchestration error: Invalid query parameter: type, required,encoded_authorization_message:None }
[2026-06-12 08:30:52] [WARNING] [04_wait_drs_job_ready] Error querying job status: ClientRequestException - {status_code:400,request_id:e6e5b065bc4f97bdd3fbe9153dbf294f,error_code:APIGW.0106,error_msg:Orchestration error: Invalid query parameter: type, required,encoded_authorization_message:None }
[2026-06-12 08:31:26] [WARNING] [04_wait_drs_job_ready] Error querying job status: ClientRequestException - {status_code:400,request_id:96094ac3cb8f83eeec54614a40f62c80,error_code:APIGW.0106,error_msg:Orchestration error: Invalid query parameter: type, required,encoded_authorization_message:None }
[2026-06-12 08:31:59] [WARNING] [04_wait_drs_job_ready] Error querying job status: ClientRequestException - {status_code:400,request_id:831463ee66b87eaf085c7fc1cd34a06e,error_code:APIGW.0106,error_msg:Orchestration error: Invalid query parameter: type, required,encoded_authorization_message:None }
[2026-06-12 08:32:32] [WARNING] [04_wait_drs_job_ready] Error querying job status: ClientRequestException - {status_code:400,request_id:81b50c52f5e460efe728d49d50128fb9,error_code:APIGW.0106,error_msg:Orchestration error: Invalid query parameter: type, required,encoded_authorization_message:None }
[2026-06-12 08:33:06] [WARNING] [04_wait_drs_job_ready] Error querying job status: ClientRequestException - {status_code:400,request_id:db02bb5d92f030bfc5d427f2497e3f46,error_code:APIGW.0106,error_msg:Orchestration error: Invalid query parameter: type, required,encoded_authorization_message:None }
[2026-06-12 08:33:39] [WARNING] [04_wait_drs_job_ready] Error querying job status: ClientRequestException - {status_code:400,request_id:05a25d98fd63ef8c62b95594f66c7b45,error_code:APIGW.0106,error_msg:Orchestration error: Invalid query parameter: type, required,encoded_authorization_message:None }
[2026-06-12 08:34:12] [WARNING] [04_wait_drs_job_ready] Error querying job status: ClientRequestException - {status_code:400,request_id:65715bdf25695e3ab4362f18d74b6df1,error_code:APIGW.0106,error_msg:Orchestration error: Invalid query parameter: type, required,encoded_authorization_message:None }
[2026-06-12 08:34:46] [WARNING] [04_wait_drs_job_ready] Error querying job status: ClientRequestException - {status_code:400,request_id:a81603913a6f6bf001abc0669145d8aa,error_code:APIGW.0106,error_msg:Orchestration error: Invalid query parameter: type, required,encoded_authorization_message:None }
[2026-06-12 08:35:16] [ERROR] [04_wait_drs_job_ready] Timeout: Job not ready after 1800s. Last status: None
