[2026-06-12 08:01:23] [INFO] [02_generate_drs_payload] Generating DRS payload (dry_run=True)
[2026-06-12 08:01:23] [INFO] [02_generate_drs_payload] Payload saved to: /root/ai_assit_migration/ai_assist_rds_migration/reports/drs_payload.json
[2026-06-12 08:01:23] [INFO] [02_generate_drs_payload] Payload summary:
{
  "base_info": {
    "name": "task-migration-mysql_20260612_080123",
    "job_type": "migration",
    "engine_type": "mysql-to-mysql",
    "job_direction": "up",
    "task_type": "FULL_INCR_TRANS",
    "net_type": "eip",
    "charging_mode": "on_demand",
    "description": "DRS deployed in target account B. Migrate source account A RDS MySQL to existing target account B RDS MySQL through EIP."
  },
  "source_endpoint": [
    {
      "db_type": "mysql",
      "endpoint_type": "cloud",
      "endpoint_role": "so",
      "endpoint": {
        "endpoint_name": "rds-7067",
        "instance_id": "e327af04e9204e1e867179f9df2057d7in01",
        "instance_name": "rds-7067",
        "db_port": "3306",
        "db_user": "sms_sync",
        "db_password": "***"
      },
      "cloud": {
        "region": "na-mexico-1",
        "project_id": "e84695c2e5a546d6b45fc405416e47f6"
      },
      "vpc": {
        "vpc_id": "e1c3eeea-214f-4028-8c96-bae266bd7114",
        "subnet_id": "665c39c8-4049-4ba9-83de-b8a34ffc275b",
        "security_group_id": "74cabd8e-bf73-4ec4-a631-644cf1896fe5"
      },
      "ssl": {
        "ssl_link": false
      }
    }
  ],
  "target_endpoint": [
    {
      "db_type": "mysql",
      "endpoint_type": "cloud",
      "endpoint_role": "ta",
      "endpoint": {
        "endpoint_name": "rds-7067",
        "instance_id": "0f07fd696084478cb58752582bf3e802in01",
        "instance_name": "rds-7067",
        "db_port": "3306",
        "db_user": "root",
        "db_password": "***"
      },
      "cloud": {
        "region": "na-mexico-1",
        "project_id": "019ea55049357658b4a43d77ec94d728"
      },
      "vpc": {
        "vpc_id": "0aa90f9e-85f8-43bb-aff7-64c5e209f496",
        "subnet_id": "385f6a84-92ff-460f-a450-503c9284f5ff",
        "security_group_id": "0c2164fe-cc7c-4e24-ba94-54027f724f80"
      },
      "ssl": {
        "ssl_link": false
      }
    }
  ],
  "node_info": {
    "spec": {
      "node_type": "high"
    },
    "vpc": {
      "vpc_id": "0aa90f9e-85f8-43bb-aff7-64c5e209f496",
      "subnet_id": "385f6a84-92ff-460f-a450-503c9284f5ff",
      "security_group_id": "6159c5ba-9999-49cd-87c3-ee8bdc5314ac"
    },
    "base_info": {
      "availability_zone": "na-mexico-1a"
    }
  },
  "public_ip_list": []
}
[2026-06-12 08:01:23] [INFO] [02_generate_drs_payload] DRS payload generation completed successfully
