[2026-06-12 08:42:18] [INFO] [06_run_precheck] Running DRS precheck (dry_run=False)
[2026-06-12 08:42:18] [INFO] [06_run_precheck] Job ID: aafd3500-2144-4855-bb53-6bc5932jb101
[2026-06-12 08:42:18] [INFO] [06_run_precheck] Triggering DRS precheck...
[2026-06-12 08:42:21] [INFO] [06_run_precheck] Precheck triggered successfully
[2026-06-12 08:42:21] [INFO] [06_run_precheck] Polling for precheck results (interval=10s, max=600s)...
[2026-06-12 08:42:31] [INFO] [06_run_precheck] Precheck in progress... status=RUNNING (elapsed=10s)
[2026-06-12 08:42:42] [INFO] [06_run_precheck] Precheck in progress... status=RUNNING (elapsed=20s)
[2026-06-12 08:42:53] [INFO] [06_run_precheck] Precheck in progress... status=RUNNING (elapsed=30s)
[2026-06-12 08:43:03] [INFO] [06_run_precheck] Precheck in progress... status=RUNNING (elapsed=40s)
[2026-06-12 08:43:13] [INFO] [06_run_precheck] Precheck in progress... status=RUNNING (elapsed=50s)
[2026-06-12 08:43:24] [INFO] [06_run_precheck] Precheck in progress... status=RUNNING (elapsed=60s)
[2026-06-12 08:43:34] [INFO] [06_run_precheck] Precheck in progress... status=RUNNING (elapsed=70s)
[2026-06-12 08:43:44] [INFO] [06_run_precheck] Precheck in progress... status=RUNNING (elapsed=80s)
[2026-06-12 08:43:54] [INFO] [06_run_precheck] Precheck in progress... status=RUNNING (elapsed=90s)
[2026-06-12 08:44:05] [INFO] [06_run_precheck] Precheck in progress... status=RUNNING (elapsed=100s)
[2026-06-12 08:44:15] [INFO] [06_run_precheck] Precheck in progress... status=RUNNING (elapsed=110s)
[2026-06-12 08:44:25] [INFO] [06_run_precheck] Precheck in progress... status=RUNNING (elapsed=120s)
[2026-06-12 08:44:36] [INFO] [06_run_precheck] Precheck in progress... status=RUNNING (elapsed=130s)
[2026-06-12 08:44:46] [INFO] [06_run_precheck] Precheck in progress... status=RUNNING (elapsed=140s)
[2026-06-12 08:44:56] [INFO] [06_run_precheck] Precheck in progress... status=RUNNING (elapsed=150s)
[2026-06-12 08:45:08] [INFO] [06_run_precheck] Precheck in progress... status=RUNNING (elapsed=160s)
[2026-06-12 08:45:18] [INFO] [06_run_precheck] Precheck in progress... status=RUNNING (elapsed=170s)
[2026-06-12 08:45:29] [INFO] [06_run_precheck] Precheck in progress... status=RUNNING (elapsed=180s)
[2026-06-12 08:45:39] [INFO] [06_run_precheck] Precheck in progress... status=RUNNING (elapsed=190s)
[2026-06-12 08:45:50] [INFO] [06_run_precheck] Precheck in progress... status=RUNNING (elapsed=200s)
[2026-06-12 08:46:00] [INFO] [06_run_precheck] Precheck in progress... status=RUNNING (elapsed=210s)
[2026-06-12 08:46:10] [INFO] [06_run_precheck] Precheck in progress... status=RUNNING (elapsed=220s)
[2026-06-12 08:46:21] [INFO] [06_run_precheck] Precheck in progress... status=RUNNING (elapsed=230s)
[2026-06-12 08:46:32] [INFO] [06_run_precheck] Precheck in progress... status=RUNNING (elapsed=240s)
[2026-06-12 08:46:42] [INFO] [06_run_precheck] Precheck in progress... status=RUNNING (elapsed=250s)
[2026-06-12 08:46:52] [INFO] [06_run_precheck] Precheck in progress... status=RUNNING (elapsed=260s)
[2026-06-12 08:47:02] [INFO] [06_run_precheck] Precheck in progress... status=RUNNING (elapsed=270s)
[2026-06-12 08:47:13] [INFO] [06_run_precheck] Precheck in progress... status=RUNNING (elapsed=280s)
[2026-06-12 08:47:23] [INFO] [06_run_precheck] Precheck in progress... status=RUNNING (elapsed=290s)
[2026-06-12 08:47:33] [INFO] [06_run_precheck] Precheck in progress... status=RUNNING (elapsed=300s)
[2026-06-12 08:47:43] [INFO] [06_run_precheck] Precheck in progress... status=RUNNING (elapsed=310s)
[2026-06-12 08:47:54] [INFO] [06_run_precheck] Precheck in progress... status=RUNNING (elapsed=320s)
[2026-06-12 08:48:04] [INFO] [06_run_precheck] Precheck in progress... status=RUNNING (elapsed=330s)
[2026-06-12 08:48:14] [INFO] [06_run_precheck] Precheck in progress... status=RUNNING (elapsed=340s)
[2026-06-12 08:48:25] [INFO] [06_run_precheck] Precheck in progress... status=RUNNING (elapsed=350s)
[2026-06-12 08:48:36] [INFO] [06_run_precheck] Precheck in progress... status=RUNNING (elapsed=360s)
[2026-06-12 08:48:47] [INFO] [06_run_precheck] Precheck in progress... status=RUNNING (elapsed=370s)
[2026-06-12 08:48:57] [INFO] [06_run_precheck] Precheck in progress... status=RUNNING (elapsed=380s)
[2026-06-12 08:49:07] [INFO] [06_run_precheck] Precheck in progress... status=RUNNING (elapsed=390s)
[2026-06-12 08:49:17] [INFO] [06_run_precheck] Precheck in progress... status=RUNNING (elapsed=400s)
[2026-06-12 08:49:28] [INFO] [06_run_precheck] Precheck in progress... status=RUNNING (elapsed=410s)
[2026-06-12 08:49:38] [INFO] [06_run_precheck] Precheck in progress... status=RUNNING (elapsed=420s)
[2026-06-12 08:49:49] [INFO] [06_run_precheck] Precheck in progress... status=RUNNING (elapsed=430s)
[2026-06-12 08:49:59] [INFO] [06_run_precheck] Precheck in progress... status=RUNNING (elapsed=440s)
[2026-06-12 08:50:09] [INFO] [06_run_precheck] Precheck in progress... status=RUNNING (elapsed=450s)
[2026-06-12 08:50:20] [INFO] [06_run_precheck] Precheck in progress... status=RUNNING (elapsed=460s)
[2026-06-12 08:50:31] [INFO] [06_run_precheck] Precheck in progress... status=RUNNING (elapsed=470s)
[2026-06-12 08:50:41] [INFO] [06_run_precheck] Precheck in progress... status=RUNNING (elapsed=480s)
[2026-06-12 08:50:52] [INFO] [06_run_precheck] Precheck in progress... status=RUNNING (elapsed=490s)
[2026-06-12 08:51:02] [INFO] [06_run_precheck] Precheck in progress... status=RUNNING (elapsed=500s)
[2026-06-12 08:51:13] [INFO] [06_run_precheck] Precheck in progress... status=RUNNING (elapsed=510s)
[2026-06-12 08:51:23] [INFO] [06_run_precheck] Precheck in progress... status=RUNNING (elapsed=520s)
[2026-06-12 08:51:34] [INFO] [06_run_precheck] Precheck in progress... status=RUNNING (elapsed=530s)
[2026-06-12 08:51:44] [INFO] [06_run_precheck] Precheck in progress... status=RUNNING (elapsed=540s)
[2026-06-12 08:51:55] [INFO] [06_run_precheck] Precheck in progress... status=RUNNING (elapsed=550s)
[2026-06-12 08:52:05] [INFO] [06_run_precheck] Precheck in progress... status=RUNNING (elapsed=560s)
[2026-06-12 08:52:15] [INFO] [06_run_precheck] Precheck in progress... status=RUNNING (elapsed=570s)
[2026-06-12 08:52:25] [INFO] [06_run_precheck] Precheck in progress... status=RUNNING (elapsed=580s)
[2026-06-12 08:52:36] [INFO] [06_run_precheck] Precheck in progress... status=RUNNING (elapsed=590s)
[2026-06-12 08:52:46] [INFO] [06_run_precheck] Precheck in progress... status=RUNNING (elapsed=600s)
[2026-06-12 08:52:46] [ERROR] [06_run_precheck] Precheck timeout after 600s
